// Jest Snapshot v1, https://goo.gl/fbAQLP

exports[`utils/gpx test suite utils/gpx/convertToGpx test suite should convert data to gpx string 1`] = `
"<?xml version=\\"1.0\\" encoding=\\"UTF-8\\"?>
<gpx creator=\\"trail.me\\" version=\\"1.1\\" xmlns=\\"http://www.topografix.com/GPX/1/1\\" xmlns:gpxx=\\"http://www.garmin.com/xmlschemas/GpxExtensions/v3\\" xmlns:gpxtpx=\\"http://www.garmin.com/xmlschemas/TrackPointExtension/v2\\" xmlns:xsi=\\"http://www.w3.org/2001/XMLSchema-instance\\" xsi:schemaLocation=\\"http://www.topografix.com/GPX/1/1 http://www.topografix.com/GPX/1/1/gpx.xsd http://www.garmin.com/xmlschemas/GpxExtensions/v3 http://www.garmin.com/xmlschemas/GpxExtensionsv3.xsd http://www.garmin.com/xmlschemas/TrackPointExtension/v2 http://www.garmin.com/xmlschemas/TrackPointExtensionv2.xsd\\">
  <metadata>
    <name>test name</name>
  </metadata>
  <trk>
    <name>test name</name>
    <trkseg>
      <trkpt lat=\\"47.50424\\" lon=\\"8.026628\\">
        <ele>100</ele>
        <time>2020-08-07T07:36:55Z</time>
      </trkpt>
    </trkseg>
  </trk>
</gpx>"
`;
